
  .   ____          _            __ _ _
 /\\ / ___'_ __ _ _(_)_ __  __ _ \ \ \ \
( ( )\___ | '_ | '_| | '_ \/ _` | \ \ \ \
 \\/  ___)| |_)| | | | | || (_| |  ) ) ) )
  '  |____| .__|_| |_|_| |_\__, | / / / /
 =========|_|==============|___/=/_/_/_/

 :: Spring Boot ::                (v3.5.7)

2025-11-23T08:40:41.340-05:00  INFO 27548 --- [backend] [           main] c.d.backend.BackendApplication           : Starting BackendApplication v0.0.1-SNAPSHOT using Java 24.0.1 with PID 27548 (C:\Users\Brandon\Desktop\sss\Proyecto-ML\backend\target\backend-0.0.1-SNAPSHOT.jar started by Brandon in C:\Users\Brandon\Desktop\sss\Proyecto-ML\backend)
2025-11-23T08:40:41.343-05:00  INFO 27548 --- [backend] [           main] c.d.backend.BackendApplication           : The following 1 profile is active: "prod"
2025-11-23T08:40:42.315-05:00  INFO 27548 --- [backend] [           main] .s.d.r.c.RepositoryConfigurationDelegate : Bootstrapping Spring Data JPA repositories in DEFAULT mode.
2025-11-23T08:40:42.484-05:00  INFO 27548 --- [backend] [           main] .s.d.r.c.RepositoryConfigurationDelegate : Finished Spring Data repository scanning in 158 ms. Found 1 JPA repository interface.
2025-11-23T08:40:43.219-05:00  INFO 27548 --- [backend] [           main] o.s.b.w.embedded.tomcat.TomcatWebServer  : Tomcat initialized with port 8082 (http)
2025-11-23T08:40:43.245-05:00  INFO 27548 --- [backend] [           main] o.apache.catalina.core.StandardService   : Starting service [Tomcat]
2025-11-23T08:40:43.249-05:00  INFO 27548 --- [backend] [           main] o.apache.catalina.core.StandardEngine    : Starting Servlet engine: [Apache Tomcat/10.1.48]
2025-11-23T08:40:43.302-05:00  INFO 27548 --- [backend] [           main] o.a.c.c.C.[Tomcat].[localhost].[/]       : Initializing Spring embedded WebApplicationContext
2025-11-23T08:40:43.304-05:00  INFO 27548 --- [backend] [           main] w.s.c.ServletWebServerApplicationContext : Root WebApplicationContext: initialization completed in 1888 ms
2025-11-23T08:40:43.643-05:00  INFO 27548 --- [backend] [           main] o.hibernate.jpa.internal.util.LogHelper  : HHH000204: Processing PersistenceUnitInfo [name: default]
2025-11-23T08:40:43.746-05:00  INFO 27548 --- [backend] [           main] org.hibernate.Version                    : HHH000412: Hibernate ORM core version 6.6.33.Final
2025-11-23T08:40:43.813-05:00  INFO 27548 --- [backend] [           main] o.h.c.internal.RegionFactoryInitiator    : HHH000026: Second-level cache disabled
2025-11-23T08:40:44.214-05:00  INFO 27548 --- [backend] [           main] o.s.o.j.p.SpringPersistenceUnitInfo      : No LoadTimeWeaver setup: ignoring JPA class transformer
2025-11-23T08:40:44.249-05:00  INFO 27548 --- [backend] [           main] com.zaxxer.hikari.HikariDataSource       : HikariPool-1 - Starting...
2025-11-23T08:40:44.447-05:00  INFO 27548 --- [backend] [           main] com.zaxxer.hikari.pool.HikariPool        : HikariPool-1 - Added connection conn0: url=jdbc:h2:mem:proddb user=SA
2025-11-23T08:40:44.448-05:00  INFO 27548 --- [backend] [           main] com.zaxxer.hikari.HikariDataSource       : HikariPool-1 - Start completed.
2025-11-23T08:40:44.469-05:00  WARN 27548 --- [backend] [           main] org.hibernate.dialect.Dialect            : HHH000511: The 2.3.232 version for [org.hibernate.dialect.PostgreSQLDialect] is no longer supported, hence certain features may not work properly. The minimum supported version is 12.0.0. Check the community dialects project for available legacy versions.
2025-11-23T08:40:44.476-05:00  WARN 27548 --- [backend] [           main] org.hibernate.orm.deprecation            : HHH90000025: PostgreSQLDialect does not need to be specified explicitly using 'hibernate.dialect' (remove the property setting and it will be selected by default)
2025-11-23T08:40:44.504-05:00  INFO 27548 --- [backend] [           main] org.hibernate.orm.connections.pooling    : HHH10001005: Database info:
	Database JDBC URL [Connecting through datasource 'HikariDataSource (HikariPool-1)']
	Database driver: undefined/unknown
	Database version: 2.3.232
	Autocommit mode: undefined/unknown
	Isolation level: undefined/unknown
	Minimum pool size: undefined/unknown
	Maximum pool size: undefined/unknown
2025-11-23T08:40:45.485-05:00  INFO 27548 --- [backend] [           main] o.h.e.t.j.p.i.JtaPlatformInitiator       : HHH000489: No JTA platform available (set 'hibernate.transaction.jta.platform' to enable JTA platform integration)
Hibernate: 
    create table errores_csv (
        id bigint generated by default as identity,
        archivo varchar(255),
        error_descripcion varchar(255),
        fecha timestamp(6) with time zone,
        primary key (id)
    )
Hibernate: 
    create table votes (
        id bigint generated by default as identity,
        candidate_id varchar(255) not null,
        created_at timestamp(6) with time zone not null,
        voter_id varchar(255),
        primary key (id)
    )
2025-11-23T08:40:45.549-05:00  INFO 27548 --- [backend] [           main] j.LocalContainerEntityManagerFactoryBean : Initialized JPA EntityManagerFactory for persistence unit 'default'
2025-11-23T08:40:46.475-05:00  INFO 27548 --- [backend] [           main] o.s.d.j.r.query.QueryEnhancerFactory     : Hibernate is in classpath; If applicable, HQL parser will be used.
2025-11-23T08:40:47.337-05:00  WARN 27548 --- [backend] [           main] JpaBaseConfiguration$JpaWebConfiguration : spring.jpa.open-in-view is enabled by default. Therefore, database queries may be performed during view rendering. Explicitly configure spring.jpa.open-in-view to disable this warning
2025-11-23T08:40:47.984-05:00  INFO 27548 --- [backend] [           main] r$InitializeUserDetailsManagerConfigurer : Global AuthenticationManager configured with UserDetailsService bean with name inMemoryUserDetailsManager
2025-11-23T08:40:48.216-05:00  INFO 27548 --- [backend] [           main] o.s.b.w.embedded.tomcat.TomcatWebServer  : Tomcat started on port 8082 (http) with context path '/'
2025-11-23T08:40:48.242-05:00  INFO 27548 --- [backend] [           main] c.d.backend.BackendApplication           : Started BackendApplication in 7.483 seconds (process running for 8.151)
2025-11-23T08:40:48.725-05:00  INFO 27548 --- [backend] [nio-8082-exec-1] o.a.c.c.C.[Tomcat].[localhost].[/]       : Initializing Spring DispatcherServlet 'dispatcherServlet'
2025-11-23T08:40:48.725-05:00  INFO 27548 --- [backend] [nio-8082-exec-1] o.s.web.servlet.DispatcherServlet        : Initializing Servlet 'dispatcherServlet'
2025-11-23T08:40:48.726-05:00  INFO 27548 --- [backend] [nio-8082-exec-1] o.s.web.servlet.DispatcherServlet        : Completed initialization in 1 ms
